<html>
<body>
<pre>
<h1>µVision Build Log</h1>
<h2>Tool Versions:</h2>
IDE-Version: µVision V5.36.0.0
Copyright (C) 2021 ARM Ltd and ARM Germany GmbH. All rights reserved.
License Information: Evren Otur, pamukkale, LIC=DHY3W-QM9E7-MYCP2-M78Z4-8KHDN-E7BAS
 
Tool Versions:
Toolchain:       MDK-ARM Cortex-M0/M23 for Nuvoton  Version: 5.36.0.0
Toolchain Path:  C:\Keil_v5\ARM\ARMCC\Bin
C Compiler:      Armcc.exe V5.06 update 7 (build 960)
Assembler:       Armasm.exe V5.06 update 7 (build 960)
Linker/Locator:  ArmLink.exe V5.06 update 7 (build 960)
Library Manager: ArmAr.exe V5.06 update 7 (build 960)
Hex Converter:   FromElf.exe V5.06 update 7 (build 960)
CPU DLL:         SARMCM3.DLL V5.36.0.0
Dialog DLL:      DARMCM1.DLL V1.19.4.0
Target DLL:      Nu_Link.dll V3.10
Dialog DLL:      TARMCM1.DLL V1.14.4.0
 
<h2>Project:</h2>
C:\projeler\nuvoton\M031BSP-master\SampleCode\Adc_new\Keil\Template.uvproj
Project File Date:  03/07/2023

<h2>Output:</h2>
*** Using Compiler 'V5.06 update 7 (build 960)', folder: 'C:\Keil_v5\ARM\ARMCC\Bin'
Rebuild target 'Template'
assembling startup_M031Series.s...
creating preprocessor file for system_M031Series.c...
creating preprocessor file for clk.c...
creating preprocessor file for retarget.c...
compiling system_M031Series.c...
creating preprocessor file for uart.c...
compiling clk.c...
compiling retarget.c...
creating preprocessor file for adc.c...
creating preprocessor file for gpio.c...
compiling uart.c...
compiling adc.c...
creating preprocessor file for timer.c...
compiling gpio.c...
creating preprocessor file for main.c...
compiling timer.c...
compiling main.c...
linking...
Program Size: Code=3428 RO-data=416 RW-data=28 ZI-data=516  
After Build - User command #1: fromelf --bin ".\obj\template.axf" --output ".\obj\template.bin"
After Build - User command #2: fromelf --text -c ".\obj\template.axf" --output ".\obj\template.txt"
".\obj\template.axf" - 0 Error(s), 0 Warning(s).
Build Time Elapsed:  00:00:04
</pre>
</body>
</html>
