Component: ARM Compiler 5.06 update 7 (build 960) Tool: armlink [4d3601]

==============================================================================

Small function inlining results

Inlined total of 0 calls.

==============================================================================

Image Symbol Table

    Local Symbols

    Symbol Name                              Value     Ov Type        Size  Object(Section)

    RESET                                    0x00000000   Section      192  startup_m031series.o(RESET)
    ../clib/microlib/division.c              0x00000000   Number         0  uidiv.o ABSOLUTE
    ../clib/microlib/division.c              0x00000000   Number         0  uldiv.o ABSOLUTE
    ../clib/microlib/init/entry.s            0x00000000   Number         0  entry10a.o ABSOLUTE
    ../clib/microlib/init/entry.s            0x00000000   Number         0  entry9b.o ABSOLUTE
    ../clib/microlib/init/entry.s            0x00000000   Number         0  entry.o ABSOLUTE
    ../clib/microlib/init/entry.s            0x00000000   Number         0  entry12b.o ABSOLUTE
    ../clib/microlib/init/entry.s            0x00000000   Number         0  entry9a.o ABSOLUTE
    ../clib/microlib/init/entry.s            0x00000000   Number         0  entry2.o ABSOLUTE
    ../clib/microlib/init/entry.s            0x00000000   Number         0  entry8b.o ABSOLUTE
    ../clib/microlib/init/entry.s            0x00000000   Number         0  entry8a.o ABSOLUTE
    ../clib/microlib/init/entry.s            0x00000000   Number         0  entry5.o ABSOLUTE
    ../clib/microlib/init/entry.s            0x00000000   Number         0  entry7b.o ABSOLUTE
    ../clib/microlib/init/entry.s            0x00000000   Number         0  entry7a.o ABSOLUTE
    ../clib/microlib/init/entry.s            0x00000000   Number         0  entry12a.o ABSOLUTE
    ../clib/microlib/init/entry.s            0x00000000   Number         0  entry11b.o ABSOLUTE
    ../clib/microlib/init/entry.s            0x00000000   Number         0  entry11a.o ABSOLUTE
    ../clib/microlib/init/entry.s            0x00000000   Number         0  entry10b.o ABSOLUTE
    ../clib/microlib/longlong.c              0x00000000   Number         0  llushr.o ABSOLUTE
    ../clib/microlib/longlong.c              0x00000000   Number         0  llshl.o ABSOLUTE
    ../clib/microlib/longlong.c              0x00000000   Number         0  llsshr.o ABSOLUTE
    ../clib/microlib/printf/printf.c         0x00000000   Number         0  printf0.o ABSOLUTE
    ../clib/microlib/printf/printf.c         0x00000000   Number         0  printfb.o ABSOLUTE
    ../clib/microlib/printf/printf.c         0x00000000   Number         0  printfa.o ABSOLUTE
    ../clib/microlib/printf/printf.c         0x00000000   Number         0  printf8.o ABSOLUTE
    ../clib/microlib/printf/printf.c         0x00000000   Number         0  printf6.o ABSOLUTE
    ../clib/microlib/printf/printf.c         0x00000000   Number         0  printf7.o ABSOLUTE
    ../clib/microlib/printf/printf.c         0x00000000   Number         0  printf5.o ABSOLUTE
    ../clib/microlib/printf/printf.c         0x00000000   Number         0  printf4.o ABSOLUTE
    ../clib/microlib/printf/printf.c         0x00000000   Number         0  printf3.o ABSOLUTE
    ../clib/microlib/printf/printf.c         0x00000000   Number         0  printf2.o ABSOLUTE
    ../clib/microlib/printf/printf.c         0x00000000   Number         0  printf1.o ABSOLUTE
    ../clib/microlib/printf/stubs.s          0x00000000   Number         0  stubs.o ABSOLUTE
    ../clib/microlib/string/memcpy.c         0x00000000   Number         0  memcpyb.o ABSOLUTE
    ../clib/microlib/string/memcpy.c         0x00000000   Number         0  memcpya.o ABSOLUTE
    ../clib/microlib/stubs.s                 0x00000000   Number         0  iusefp.o ABSOLUTE
    ../fplib/microlib/fpadd.c                0x00000000   Number         0  dadd.o ABSOLUTE
    ../fplib/microlib/fpdiv.c                0x00000000   Number         0  ddiv.o ABSOLUTE
    ../fplib/microlib/fpepilogue.c           0x00000000   Number         0  depilogue.o ABSOLUTE
    ../fplib/microlib/fpfix.c                0x00000000   Number         0  dfixul.o ABSOLUTE
    ../fplib/microlib/fpmul.c                0x00000000   Number         0  dmul.o ABSOLUTE
    ..\..\..\Library\Device\Nuvoton\M031\Source\ARM\startup_M031Series.s 0x00000000   Number         0  startup_m031series.o ABSOLUTE
    ..\..\..\Library\Device\Nuvoton\M031\Source\system_M031Series.c 0x00000000   Number         0  system_m031series.o ABSOLUTE
    ..\..\..\Library\StdDriver\src\adc.c     0x00000000   Number         0  adc.o ABSOLUTE
    ..\..\..\Library\StdDriver\src\clk.c     0x00000000   Number         0  clk.o ABSOLUTE
    ..\..\..\Library\StdDriver\src\gpio.c    0x00000000   Number         0  gpio.o ABSOLUTE
    ..\..\..\Library\StdDriver\src\retarget.c 0x00000000   Number         0  retarget.o ABSOLUTE
    ..\..\..\Library\StdDriver\src\timer.c   0x00000000   Number         0  timer.o ABSOLUTE
    ..\..\..\Library\StdDriver\src\uart.c    0x00000000   Number         0  uart.o ABSOLUTE
    ..\\..\\..\\Library\\Device\\Nuvoton\\M031\\Source\\system_M031Series.c 0x00000000   Number         0  system_m031series.o ABSOLUTE
    ..\\..\\..\\Library\\StdDriver\\src\\adc.c 0x00000000   Number         0  adc.o ABSOLUTE
    ..\\..\\..\\Library\\StdDriver\\src\\clk.c 0x00000000   Number         0  clk.o ABSOLUTE
    ..\\..\\..\\Library\\StdDriver\\src\\gpio.c 0x00000000   Number         0  gpio.o ABSOLUTE
    ..\\..\\..\\Library\\StdDriver\\src\\retarget.c 0x00000000   Number         0  retarget.o ABSOLUTE
    ..\\..\\..\\Library\\StdDriver\\src\\timer.c 0x00000000   Number         0  timer.o ABSOLUTE
    ..\\..\\..\\Library\\StdDriver\\src\\uart.c 0x00000000   Number         0  uart.o ABSOLUTE
    ..\\main.c                               0x00000000   Number         0  main.o ABSOLUTE
    ..\main.c                                0x00000000   Number         0  main.o ABSOLUTE
    cdrcmple.s                               0x00000000   Number         0  cdrcmple.o ABSOLUTE
    handlers.s                               0x00000000   Number         0  handlers.o ABSOLUTE
    init.s                                   0x00000000   Number         0  init.o ABSOLUTE
    .ARM.Collect$$$$00000000                 0x000000c0   Section        0  entry.o(.ARM.Collect$$$$00000000)
    .ARM.Collect$$$$00000001                 0x000000c0   Section        4  entry2.o(.ARM.Collect$$$$00000001)
    .ARM.Collect$$$$00000004                 0x000000c4   Section        4  entry5.o(.ARM.Collect$$$$00000004)
    .ARM.Collect$$$$00000008                 0x000000c8   Section        0  entry7b.o(.ARM.Collect$$$$00000008)
    .ARM.Collect$$$$0000000A                 0x000000c8   Section        0  entry8b.o(.ARM.Collect$$$$0000000A)
    .ARM.Collect$$$$0000000B                 0x000000c8   Section        8  entry9a.o(.ARM.Collect$$$$0000000B)
    .ARM.Collect$$$$0000000E                 0x000000d0   Section        4  entry12b.o(.ARM.Collect$$$$0000000E)
    .ARM.Collect$$$$0000000F                 0x000000d4   Section        0  entry10a.o(.ARM.Collect$$$$0000000F)
    .ARM.Collect$$$$00000011                 0x000000d4   Section        0  entry11a.o(.ARM.Collect$$$$00000011)
    .ARM.Collect$$$$00002712                 0x000000d4   Section        4  entry2.o(.ARM.Collect$$$$00002712)
    __lit__00000000                          0x000000d4   Data           4  entry2.o(.ARM.Collect$$$$00002712)
    .emb_text                                0x000000d8   Section       28  retarget.o(.emb_text)
    .text                                    0x000000f4   Section       92  startup_m031series.o(.text)
    Default_Handler                          0x00000125   Thumb Code     2  startup_m031series.o(.text)
    .text                                    0x00000150   Section        0  uidiv.o(.text)
    .text                                    0x0000017c   Section        0  memcpya.o(.text)
    .text                                    0x000001a0   Section        0  uldiv.o(.text)
    .text                                    0x00000200   Section       36  init.o(.text)
    .text                                    0x00000224   Section        0  llshl.o(.text)
    .text                                    0x00000244   Section        0  llushr.o(.text)
    i.ADC_DisableInt                         0x00000266   Section        0  adc.o(i.ADC_DisableInt)
    i.ADC_EnableInt                          0x0000028c   Section        0  adc.o(i.ADC_EnableInt)
    i.ADC_FunctionTest                       0x000002b4   Section        0  main.o(i.ADC_FunctionTest)
    i.ADC_IRQHandler                         0x00000374   Section        0  main.o(i.ADC_IRQHandler)
    i.ADC_Open                               0x00000388   Section        0  adc.o(i.ADC_Open)
    i.CLK_EnableModuleClock                  0x00000414   Section        0  clk.o(i.CLK_EnableModuleClock)
    i.CLK_EnableXtalRC                       0x00000444   Section        0  clk.o(i.CLK_EnableXtalRC)
    i.CLK_GetPCLK0Freq                       0x00000454   Section        0  clk.o(i.CLK_GetPCLK0Freq)
    i.CLK_GetPCLK1Freq                       0x00000474   Section        0  clk.o(i.CLK_GetPCLK1Freq)
    i.CLK_GetPLLClockFreq                    0x00000494   Section        0  uart.o(i.CLK_GetPLLClockFreq)
    CLK_GetPLLClockFreq                      0x00000495   Thumb Code    70  uart.o(i.CLK_GetPLLClockFreq)
    i.CLK_SetHCLK                            0x000004ec   Section        0  clk.o(i.CLK_SetHCLK)
    i.CLK_SetModuleClock                     0x0000053c   Section        0  clk.o(i.CLK_SetModuleClock)
    i.CLK_WaitClockReady                     0x000005ac   Section        0  clk.o(i.CLK_WaitClockReady)
    i.Hard_Fault_Handler                     0x000005ec   Section        0  retarget.o(i.Hard_Fault_Handler)
    __tagsym$$used                           0x000005ed   Number         0  retarget.o(i.Hard_Fault_Handler)
    i.SYS_Init                               0x00000614   Section        0  main.o(i.SYS_Init)
    i.SendChar                               0x000006c0   Section        0  retarget.o(i.SendChar)
    SendChar                                 0x000006c1   Thumb Code    26  retarget.o(i.SendChar)
    i.SystemCoreClockUpdate                  0x000006e0   Section        0  system_m031series.o(i.SystemCoreClockUpdate)
    i.SystemInit                             0x00000774   Section        0  system_m031series.o(i.SystemInit)
    i.TIMER_Delay                            0x000007ac   Section        0  timer.o(i.TIMER_Delay)
    i.TIMER_GetModuleClock                   0x00000870   Section        0  timer.o(i.TIMER_GetModuleClock)
    i.UART0_Init                             0x000008e0   Section        0  main.o(i.UART0_Init)
    i.UART_Open                              0x000008f4   Section        0  uart.o(i.UART_Open)
    i.__0printf$5                            0x00000a50   Section        0  printf5.o(i.__0printf$5)
    i.__scatterload_copy                     0x00000a70   Section       14  handlers.o(i.__scatterload_copy)
    i.__scatterload_null                     0x00000a7e   Section        2  handlers.o(i.__scatterload_null)
    i.__scatterload_zeroinit                 0x00000a80   Section       14  handlers.o(i.__scatterload_zeroinit)
    i._printf_core                           0x00000a90   Section        0  printf5.o(i._printf_core)
    _printf_core                             0x00000a91   Thumb Code   680  printf5.o(i._printf_core)
    i.fputc                                  0x00000d64   Section        0  retarget.o(i.fputc)
    i.main                                   0x00000d70   Section        0  main.o(i.main)
    i.stackDump                              0x00000d7c   Section        0  retarget.o(i.stackDump)
    stackDump                                0x00000d7d   Thumb Code    70  retarget.o(i.stackDump)
    .constdata                               0x00000e24   Section       32  system_m031series.o(.constdata)
    .constdata                               0x00000e44   Section       56  clk.o(.constdata)
    .constdata                               0x00000e7c   Section       72  uart.o(.constdata)
    .constdata                               0x00000ec4   Section       32  timer.o(.constdata)
    .data                                    0x20000000   Section       12  system_m031series.o(.data)
    .data                                    0x2000000c   Section        4  clk.o(.data)
    .data                                    0x20000010   Section        4  retarget.o(.data)
    .data                                    0x20000014   Section        4  adc.o(.data)
    .data                                    0x20000018   Section        4  main.o(.data)
    STACK                                    0x20000020   Section      512  startup_m031series.o(STACK)

    Global Symbols

    Symbol Name                              Value     Ov Type        Size  Object(Section)

    BuildAttributes$$THM_ISAv3M$S$PE$A:L22$X:L11$S22$IEEE1$IW$USESV6$~STKCKD$USESV7$~SHL$OSPACE$ROPI$EBA8$MICROLIB$REQ8$PRES8$EABIv2 0x00000000   Number         0  anon$$obj.o ABSOLUTE
    __ARM_use_no_argv                        0x00000000   Number         0  main.o ABSOLUTE
    __Vectors                                0x00000000   Data           4  startup_m031series.o(RESET)
    _printf_a                                0x00000000   Number         0  stubs.o ABSOLUTE
    _printf_c                                0x00000000   Number         0  stubs.o ABSOLUTE
    _printf_charcount                        0x00000000   Number         0  stubs.o ABSOLUTE
    _printf_d                                0x00000000   Number         0  stubs.o ABSOLUTE
    _printf_e                                0x00000000   Number         0  stubs.o ABSOLUTE
    _printf_f                                0x00000000   Number         0  stubs.o ABSOLUTE
    _printf_flags                            0x00000000   Number         0  stubs.o ABSOLUTE
    _printf_fp_dec                           0x00000000   Number         0  stubs.o ABSOLUTE
    _printf_fp_hex                           0x00000000   Number         0  stubs.o ABSOLUTE
    _printf_g                                0x00000000   Number         0  stubs.o ABSOLUTE
    _printf_i                                0x00000000   Number         0  stubs.o ABSOLUTE
    _printf_int_dec                          0x00000000   Number         0  stubs.o ABSOLUTE
    _printf_l                                0x00000000   Number         0  stubs.o ABSOLUTE
    _printf_lc                               0x00000000   Number         0  stubs.o ABSOLUTE
    _printf_ll                               0x00000000   Number         0  stubs.o ABSOLUTE
    _printf_lld                              0x00000000   Number         0  stubs.o ABSOLUTE
    _printf_lli                              0x00000000   Number         0  stubs.o ABSOLUTE
    _printf_llo                              0x00000000   Number         0  stubs.o ABSOLUTE
    _printf_llu                              0x00000000   Number         0  stubs.o ABSOLUTE
    _printf_llx                              0x00000000   Number         0  stubs.o ABSOLUTE
    _printf_longlong_dec                     0x00000000   Number         0  stubs.o ABSOLUTE
    _printf_longlong_hex                     0x00000000   Number         0  stubs.o ABSOLUTE
    _printf_longlong_oct                     0x00000000   Number         0  stubs.o ABSOLUTE
    _printf_ls                               0x00000000   Number         0  stubs.o ABSOLUTE
    _printf_mbtowc                           0x00000000   Number         0  stubs.o ABSOLUTE
    _printf_n                                0x00000000   Number         0  stubs.o ABSOLUTE
    _printf_o                                0x00000000   Number         0  stubs.o ABSOLUTE
    _printf_p                                0x00000000   Number         0  stubs.o ABSOLUTE
    _printf_percent                          0x00000000   Number         0  stubs.o ABSOLUTE
    _printf_pre_padding                      0x00000000   Number         0  stubs.o ABSOLUTE
    _printf_return_value                     0x00000000   Number         0  stubs.o ABSOLUTE
    _printf_s                                0x00000000   Number         0  stubs.o ABSOLUTE
    _printf_sizespec                         0x00000000   Number         0  stubs.o ABSOLUTE
    _printf_str                              0x00000000   Number         0  stubs.o ABSOLUTE
    _printf_truncate_signed                  0x00000000   Number         0  stubs.o ABSOLUTE
    _printf_truncate_unsigned                0x00000000   Number         0  stubs.o ABSOLUTE
    _printf_u                                0x00000000   Number         0  stubs.o ABSOLUTE
    _printf_wc                               0x00000000   Number         0  stubs.o ABSOLUTE
    _printf_wctomb                           0x00000000   Number         0  stubs.o ABSOLUTE
    _printf_widthprec                        0x00000000   Number         0  stubs.o ABSOLUTE
    _printf_x                                0x00000000   Number         0  stubs.o ABSOLUTE
    __arm_fini_                               - Undefined Weak Reference
    __cpp_initialize__aeabi_                  - Undefined Weak Reference
    __cxa_finalize                            - Undefined Weak Reference
    __decompress                              - Undefined Weak Reference
    _clock_init                               - Undefined Weak Reference
    _microlib_exit                            - Undefined Weak Reference
    __main                                   0x000000c1   Thumb Code     0  entry.o(.ARM.Collect$$$$00000000)
    _main_stk                                0x000000c1   Thumb Code     0  entry2.o(.ARM.Collect$$$$00000001)
    _main_scatterload                        0x000000c5   Thumb Code     0  entry5.o(.ARM.Collect$$$$00000004)
    __main_after_scatterload                 0x000000c9   Thumb Code     0  entry5.o(.ARM.Collect$$$$00000004)
    _main_clock                              0x000000c9   Thumb Code     0  entry7b.o(.ARM.Collect$$$$00000008)
    _main_cpp_init                           0x000000c9   Thumb Code     0  entry8b.o(.ARM.Collect$$$$0000000A)
    _main_init                               0x000000c9   Thumb Code     0  entry9a.o(.ARM.Collect$$$$0000000B)
    __rt_lib_shutdown_fini                   0x000000d1   Thumb Code     0  entry12b.o(.ARM.Collect$$$$0000000E)
    __rt_final_cpp                           0x000000d5   Thumb Code     0  entry10a.o(.ARM.Collect$$$$0000000F)
    __rt_final_exit                          0x000000d5   Thumb Code     0  entry11a.o(.ARM.Collect$$$$00000011)
    HardFault_Handler                        0x000000d9   Thumb Code    24  retarget.o(.emb_text)
    Reset_Handler                            0x000000f5   Thumb Code    38  startup_m031series.o(.text)
    NMI_Handler                              0x0000011b   Thumb Code     2  startup_m031series.o(.text)
    SVC_Handler                              0x0000011f   Thumb Code     2  startup_m031series.o(.text)
    PendSV_Handler                           0x00000121   Thumb Code     2  startup_m031series.o(.text)
    SysTick_Handler                          0x00000123   Thumb Code     2  startup_m031series.o(.text)
    ACMP01_IRQHandler                        0x00000125   Thumb Code     0  startup_m031series.o(.text)
    BOD_IRQHandler                           0x00000125   Thumb Code     0  startup_m031series.o(.text)
    BPWM0_IRQHandler                         0x00000125   Thumb Code     0  startup_m031series.o(.text)
    BPWM1_IRQHandler                         0x00000125   Thumb Code     0  startup_m031series.o(.text)
    CKFAIL_IRQHandler                        0x00000125   Thumb Code     0  startup_m031series.o(.text)
    EINT024_IRQHandler                       0x00000125   Thumb Code     0  startup_m031series.o(.text)
    EINT135_IRQHandler                       0x00000125   Thumb Code     0  startup_m031series.o(.text)
    GPABGH_IRQHandler                        0x00000125   Thumb Code     0  startup_m031series.o(.text)
    GPCDEF_IRQHandler                        0x00000125   Thumb Code     0  startup_m031series.o(.text)
    I2C0_IRQHandler                          0x00000125   Thumb Code     0  startup_m031series.o(.text)
    I2C1_IRQHandler                          0x00000125   Thumb Code     0  startup_m031series.o(.text)
    ISP_IRQHandler                           0x00000125   Thumb Code     0  startup_m031series.o(.text)
    PDMA_IRQHandler                          0x00000125   Thumb Code     0  startup_m031series.o(.text)
    PWM0_IRQHandler                          0x00000125   Thumb Code     0  startup_m031series.o(.text)
    PWM1_IRQHandler                          0x00000125   Thumb Code     0  startup_m031series.o(.text)
    PWRWU_IRQHandler                         0x00000125   Thumb Code     0  startup_m031series.o(.text)
    QSPI0_IRQHandler                         0x00000125   Thumb Code     0  startup_m031series.o(.text)
    RTC_IRQHandler                           0x00000125   Thumb Code     0  startup_m031series.o(.text)
    SPI0_IRQHandler                          0x00000125   Thumb Code     0  startup_m031series.o(.text)
    TMR0_IRQHandler                          0x00000125   Thumb Code     0  startup_m031series.o(.text)
    TMR1_IRQHandler                          0x00000125   Thumb Code     0  startup_m031series.o(.text)
    TMR2_IRQHandler                          0x00000125   Thumb Code     0  startup_m031series.o(.text)
    TMR3_IRQHandler                          0x00000125   Thumb Code     0  startup_m031series.o(.text)
    UART02_IRQHandler                        0x00000125   Thumb Code     0  startup_m031series.o(.text)
    UART13_IRQHandler                        0x00000125   Thumb Code     0  startup_m031series.o(.text)
    UART46_IRQHandler                        0x00000125   Thumb Code     0  startup_m031series.o(.text)
    UART57_IRQHandler                        0x00000125   Thumb Code     0  startup_m031series.o(.text)
    USBD_IRQHandler                          0x00000125   Thumb Code     0  startup_m031series.o(.text)
    USCI01_IRQHandler                        0x00000125   Thumb Code     0  startup_m031series.o(.text)
    WDT_IRQHandler                           0x00000125   Thumb Code     0  startup_m031series.o(.text)
    __aeabi_uidiv                            0x00000151   Thumb Code     0  uidiv.o(.text)
    __aeabi_uidivmod                         0x00000151   Thumb Code    44  uidiv.o(.text)
    __aeabi_memcpy                           0x0000017d   Thumb Code    36  memcpya.o(.text)
    __aeabi_memcpy4                          0x0000017d   Thumb Code     0  memcpya.o(.text)
    __aeabi_memcpy8                          0x0000017d   Thumb Code     0  memcpya.o(.text)
    __aeabi_uldivmod                         0x000001a1   Thumb Code    96  uldiv.o(.text)
    __scatterload                            0x00000201   Thumb Code    28  init.o(.text)
    __scatterload_rt2                        0x00000201   Thumb Code     0  init.o(.text)
    __aeabi_llsl                             0x00000225   Thumb Code    32  llshl.o(.text)
    _ll_shift_l                              0x00000225   Thumb Code     0  llshl.o(.text)
    __aeabi_llsr                             0x00000245   Thumb Code    34  llushr.o(.text)
    _ll_ushift_r                             0x00000245   Thumb Code     0  llushr.o(.text)
    ADC_DisableInt                           0x00000267   Thumb Code    38  adc.o(i.ADC_DisableInt)
    ADC_EnableInt                            0x0000028d   Thumb Code    38  adc.o(i.ADC_EnableInt)
    ADC_FunctionTest                         0x000002b5   Thumb Code   126  main.o(i.ADC_FunctionTest)
    ADC_IRQHandler                           0x00000375   Thumb Code    12  main.o(i.ADC_IRQHandler)
    ADC_Open                                 0x00000389   Thumb Code   128  adc.o(i.ADC_Open)
    CLK_EnableModuleClock                    0x00000415   Thumb Code    40  clk.o(i.CLK_EnableModuleClock)
    CLK_EnableXtalRC                         0x00000445   Thumb Code    10  clk.o(i.CLK_EnableXtalRC)
    CLK_GetPCLK0Freq                         0x00000455   Thumb Code    22  clk.o(i.CLK_GetPCLK0Freq)
    CLK_GetPCLK1Freq                         0x00000475   Thumb Code    22  clk.o(i.CLK_GetPCLK1Freq)
    CLK_SetHCLK                              0x000004ed   Thumb Code    76  clk.o(i.CLK_SetHCLK)
    CLK_SetModuleClock                       0x0000053d   Thumb Code   102  clk.o(i.CLK_SetModuleClock)
    CLK_WaitClockReady                       0x000005ad   Thumb Code    52  clk.o(i.CLK_WaitClockReady)
    Hard_Fault_Handler                       0x000005ed   Thumb Code    16  retarget.o(i.Hard_Fault_Handler)
    SYS_Init                                 0x00000615   Thumb Code   150  main.o(i.SYS_Init)
    SystemCoreClockUpdate                    0x000006e1   Thumb Code   120  system_m031series.o(i.SystemCoreClockUpdate)
    SystemInit                               0x00000775   Thumb Code    46  system_m031series.o(i.SystemInit)
    TIMER_Delay                              0x000007ad   Thumb Code   182  timer.o(i.TIMER_Delay)
    TIMER_GetModuleClock                     0x00000871   Thumb Code    96  timer.o(i.TIMER_GetModuleClock)
    UART0_Init                               0x000008e1   Thumb Code    14  main.o(i.UART0_Init)
    UART_Open                                0x000008f5   Thumb Code   298  uart.o(i.UART_Open)
    __0printf$5                              0x00000a51   Thumb Code    24  printf5.o(i.__0printf$5)
    __1printf$5                              0x00000a51   Thumb Code     0  printf5.o(i.__0printf$5)
    __2printf                                0x00000a51   Thumb Code     0  printf5.o(i.__0printf$5)
    __scatterload_copy                       0x00000a71   Thumb Code    14  handlers.o(i.__scatterload_copy)
    __scatterload_null                       0x00000a7f   Thumb Code     2  handlers.o(i.__scatterload_null)
    __scatterload_zeroinit                   0x00000a81   Thumb Code    14  handlers.o(i.__scatterload_zeroinit)
    fputc                                    0x00000d65   Thumb Code    12  retarget.o(i.fputc)
    main                                     0x00000d71   Thumb Code    12  main.o(i.main)
    gau32ClkSrcTbl                           0x00000e24   Data          32  system_m031series.o(.constdata)
    Region$$Table$$Base                      0x00000ee4   Number         0  anon$$obj.o(Region$$Table)
    Region$$Table$$Limit                     0x00000f04   Number         0  anon$$obj.o(Region$$Table)
    SystemCoreClock                          0x20000000   Data           4  system_m031series.o(.data)
    CyclesPerUs                              0x20000004   Data           4  system_m031series.o(.data)
    PllClock                                 0x20000008   Data           4  system_m031series.o(.data)
    g_CLK_i32ErrCode                         0x2000000c   Data           4  clk.o(.data)
    __stdout                                 0x20000010   Data           4  retarget.o(.data)
    g_ADC_i32ErrCode                         0x20000014   Data           4  adc.o(.data)
    g_u32AdcIntFlag                          0x20000018   Data           4  main.o(.data)
    __initial_sp                             0x20000220   Data           0  startup_m031series.o(STACK)



==============================================================================

Memory Map of the image

  Image Entry point : 0x000000f5

  Load Region LR_1 (Base: 0x00000000, Size: 0x00000f20, Max: 0xffffffff, ABSOLUTE)

    Execution Region ER_RO (Exec base: 0x00000000, Load base: 0x00000000, Size: 0x00000f04, Max: 0xffffffff, ABSOLUTE)

    Exec Addr    Load Addr    Size         Type   Attr      Idx    E Section Name        Object

    0x00000000   0x00000000   0x000000c0   Data   RO          213    RESET               startup_m031series.o
    0x000000c0   0x000000c0   0x00000000   Code   RO          823  * .ARM.Collect$$$$00000000  mc_p.l(entry.o)
    0x000000c0   0x000000c0   0x00000004   Code   RO         1091    .ARM.Collect$$$$00000001  mc_p.l(entry2.o)
    0x000000c4   0x000000c4   0x00000004   Code   RO         1094    .ARM.Collect$$$$00000004  mc_p.l(entry5.o)
    0x000000c8   0x000000c8   0x00000000   Code   RO         1096    .ARM.Collect$$$$00000008  mc_p.l(entry7b.o)
    0x000000c8   0x000000c8   0x00000000   Code   RO         1098    .ARM.Collect$$$$0000000A  mc_p.l(entry8b.o)
    0x000000c8   0x000000c8   0x00000008   Code   RO         1099    .ARM.Collect$$$$0000000B  mc_p.l(entry9a.o)
    0x000000d0   0x000000d0   0x00000004   Code   RO         1106    .ARM.Collect$$$$0000000E  mc_p.l(entry12b.o)
    0x000000d4   0x000000d4   0x00000000   Code   RO         1101    .ARM.Collect$$$$0000000F  mc_p.l(entry10a.o)
    0x000000d4   0x000000d4   0x00000000   Code   RO         1103    .ARM.Collect$$$$00000011  mc_p.l(entry11a.o)
    0x000000d4   0x000000d4   0x00000004   Code   RO         1092    .ARM.Collect$$$$00002712  mc_p.l(entry2.o)
    0x000000d8   0x000000d8   0x0000001c   Code   RO          392    .emb_text           retarget.o
    0x000000f4   0x000000f4   0x0000005c   Code   RO          214  * .text               startup_m031series.o
    0x00000150   0x00000150   0x0000002c   Code   RO          824    .text               mc_p.l(uidiv.o)
    0x0000017c   0x0000017c   0x00000024   Code   RO          826    .text               mc_p.l(memcpya.o)
    0x000001a0   0x000001a0   0x00000060   Code   RO         1107    .text               mc_p.l(uldiv.o)
    0x00000200   0x00000200   0x00000024   Code   RO         1120    .text               mc_p.l(init.o)
    0x00000224   0x00000224   0x00000020   Code   RO         1122    .text               mc_p.l(llshl.o)
    0x00000244   0x00000244   0x00000022   Code   RO         1124    .text               mc_p.l(llushr.o)
    0x00000266   0x00000266   0x00000026   Code   RO          584    i.ADC_DisableInt    adc.o
    0x0000028c   0x0000028c   0x00000026   Code   RO          586    i.ADC_EnableInt     adc.o
    0x000002b2   0x000002b2   0x00000002   PAD
    0x000002b4   0x000002b4   0x000000c0   Code   RO          775    i.ADC_FunctionTest  main.o
    0x00000374   0x00000374   0x00000014   Code   RO          776    i.ADC_IRQHandler    main.o
    0x00000388   0x00000388   0x0000008c   Code   RO          587    i.ADC_Open          adc.o
    0x00000414   0x00000414   0x00000030   Code   RO          226    i.CLK_EnableModuleClock  clk.o
    0x00000444   0x00000444   0x00000010   Code   RO          229    i.CLK_EnableXtalRC  clk.o
    0x00000454   0x00000454   0x00000020   Code   RO          234    i.CLK_GetPCLK0Freq  clk.o
    0x00000474   0x00000474   0x00000020   Code   RO          235    i.CLK_GetPCLK1Freq  clk.o
    0x00000494   0x00000494   0x00000058   Code   RO          474    i.CLK_GetPLLClockFreq  uart.o
    0x000004ec   0x000004ec   0x00000050   Code   RO          239    i.CLK_SetHCLK       clk.o
    0x0000053c   0x0000053c   0x00000070   Code   RO          240    i.CLK_SetModuleClock  clk.o
    0x000005ac   0x000005ac   0x00000040   Code   RO          242    i.CLK_WaitClockReady  clk.o
    0x000005ec   0x000005ec   0x00000028   Code   RO          393    i.Hard_Fault_Handler  retarget.o
    0x00000614   0x00000614   0x000000ac   Code   RO          777    i.SYS_Init          main.o
    0x000006c0   0x000006c0   0x00000020   Code   RO          395    i.SendChar          retarget.o
    0x000006e0   0x000006e0   0x00000094   Code   RO            3    i.SystemCoreClockUpdate  system_m031series.o
    0x00000774   0x00000774   0x00000038   Code   RO            4    i.SystemInit        system_m031series.o
    0x000007ac   0x000007ac   0x000000c4   Code   RO          678    i.TIMER_Delay       timer.o
    0x00000870   0x00000870   0x00000070   Code   RO          685    i.TIMER_GetModuleClock  timer.o
    0x000008e0   0x000008e0   0x00000014   Code   RO          778    i.UART0_Init        main.o
    0x000008f4   0x000008f4   0x0000015c   Code   RO          481    i.UART_Open         uart.o
    0x00000a50   0x00000a50   0x00000020   Code   RO          963    i.__0printf$5       mc_p.l(printf5.o)
    0x00000a70   0x00000a70   0x0000000e   Code   RO         1134    i.__scatterload_copy  mc_p.l(handlers.o)
    0x00000a7e   0x00000a7e   0x00000002   Code   RO         1135    i.__scatterload_null  mc_p.l(handlers.o)
    0x00000a80   0x00000a80   0x0000000e   Code   RO         1136    i.__scatterload_zeroinit  mc_p.l(handlers.o)
    0x00000a8e   0x00000a8e   0x00000002   PAD
    0x00000a90   0x00000a90   0x000002d4   Code   RO          970    i._printf_core      mc_p.l(printf5.o)
    0x00000d64   0x00000d64   0x0000000c   Code   RO          399    i.fputc             retarget.o
    0x00000d70   0x00000d70   0x0000000c   Code   RO          779    i.main              main.o
    0x00000d7c   0x00000d7c   0x000000a8   Code   RO          401    i.stackDump         retarget.o
    0x00000e24   0x00000e24   0x00000020   Data   RO            5    .constdata          system_m031series.o
    0x00000e44   0x00000e44   0x00000038   Data   RO          243    .constdata          clk.o
    0x00000e7c   0x00000e7c   0x00000048   Data   RO          489    .constdata          uart.o
    0x00000ec4   0x00000ec4   0x00000020   Data   RO          690    .constdata          timer.o
    0x00000ee4   0x00000ee4   0x00000020   Data   RO         1132    Region$$Table       anon$$obj.o


    Execution Region ER_RW (Exec base: 0x20000000, Load base: 0x00000f04, Size: 0x0000001c, Max: 0xffffffff, ABSOLUTE)

    Exec Addr    Load Addr    Size         Type   Attr      Idx    E Section Name        Object

    0x20000000   0x00000f04   0x0000000c   Data   RW            6    .data               system_m031series.o
    0x2000000c   0x00000f10   0x00000004   Data   RW          244    .data               clk.o
    0x20000010   0x00000f14   0x00000004   Data   RW          402    .data               retarget.o
    0x20000014   0x00000f18   0x00000004   Data   RW          589    .data               adc.o
    0x20000018   0x00000f1c   0x00000004   Data   RW          780    .data               main.o


    Execution Region ER_ZI (Exec base: 0x2000001c, Load base: 0x00000f20, Size: 0x00000204, Max: 0xffffffff, ABSOLUTE)

    Exec Addr    Load Addr    Size         Type   Attr      Idx    E Section Name        Object

    0x2000001c   0x00000f20   0x00000004   PAD
    0x20000020        -       0x00000200   Zero   RW          211    STACK               startup_m031series.o


==============================================================================

Image component sizes


      Code (inc. data)   RO Data    RW Data    ZI Data      Debug   Object Name

       216         12          0          4          0       2619   adc.o
       384         60         56          4          0       4592   clk.o
       416        102          0          4          0       9405   main.o
       280        132          0          4          0       4571   retarget.o
        92         42        192          0        512        704   startup_m031series.o
       204         38         32         12          0     106826   system_m031series.o
       308         30         32          0          0       2285   timer.o
       436         68         72          0          0       2228   uart.o

    ----------------------------------------------------------------------
      2338        484        416         28        516     133230   Object Totals
         0          0         32          0          0          0   (incl. Generated)
         2          0          0          0          4          0   (incl. Padding)

    ----------------------------------------------------------------------

      Code (inc. data)   RO Data    RW Data    ZI Data      Debug   Library Member Name

         0          0          0          0          0          0   entry.o
         0          0          0          0          0          0   entry10a.o
         0          0          0          0          0          0   entry11a.o
         4          0          0          0          0          0   entry12b.o
         8          4          0          0          0          0   entry2.o
         4          0          0          0          0          0   entry5.o
         0          0          0          0          0          0   entry7b.o
         0          0          0          0          0          0   entry8b.o
         8          4          0          0          0          0   entry9a.o
        30          0          0          0          0          0   handlers.o
        36          8          0          0          0         68   init.o
        32          0          0          0          0         68   llshl.o
        34          0          0          0          0         68   llushr.o
        36          0          0          0          0         60   memcpya.o
       756         52          0          0          0        168   printf5.o
        44          0          0          0          0         72   uidiv.o
        96          0          0          0          0         84   uldiv.o

    ----------------------------------------------------------------------
      1090         68          0          0          0        588   Library Totals
         2          0          0          0          0          0   (incl. Padding)

    ----------------------------------------------------------------------

      Code (inc. data)   RO Data    RW Data    ZI Data      Debug   Library Name

      1088         68          0          0          0        588   mc_p.l

    ----------------------------------------------------------------------
      1090         68          0          0          0        588   Library Totals

    ----------------------------------------------------------------------

==============================================================================


      Code (inc. data)   RO Data    RW Data    ZI Data      Debug   

      3428        552        416         28        516     132686   Grand Totals
      3428        552        416         28        516     132686   ELF Image Totals
      3428        552        416         28          0          0   ROM Totals

==============================================================================

    Total RO  Size (Code + RO Data)                 3844 (   3.75kB)
    Total RW  Size (RW Data + ZI Data)               544 (   0.53kB)
    Total ROM Size (Code + RO Data + RW Data)       3872 (   3.78kB)

==============================================================================

